// Jest Snapshot v1, https://goo.gl/fbAQLP

exports[`Components -> Footer should match the snapshot 1`] = `<div />`;
