// Jest Snapshot v1, https://goo.gl/fbAQLP

exports[`Components -> Header should match the snapshot 1`] = `
<div>
  <nav
    class="relative flex flex-wrap items-center justify-between px-2 py-3 bg-blue-500 mb-3"
  >
    <div
      class="container px-4 mx-auto flex flex-wrap items-center justify-between"
    >
      <div
        class="w-full relative flex justify-between lg:w-auto lg:static lg:block lg:justify-start"
      >
        <a
          class="text-sm font-bold leading-relaxed inline-block mr-4 py-2 whitespace-nowrap uppercase text-white"
          data-testid="page-heading-title"
          href="#pablo"
        >
          Next js rapid starter
        </a>
        <button
          class="text-white cursor-pointer text-xl leading-none px-3 py-1 border border-solid border-transparent rounded bg-transparent block lg:hidden outline-none focus:outline-none"
          type="button"
        >
          <i
            class="fas fa-bars"
          >
            <svg
              fill="white"
              viewBox="0 0 20 20"
              width="12px"
              xmlns="http://www.w3.org/2000/svg"
            >
              <title>
                Menu
              </title>
              <path
                d="M0 3h20v2H0V3zm0 6h20v2H0V9zm0 6h20v2H0v-2z"
              />
            </svg>
          </i>
        </button>
      </div>
      <div
        class="lg:flex flex-grow items-center hidden"
        id="example-navbar-danger"
      >
        <ul
          class="flex flex-col lg:flex-row list-none lg:ml-auto"
        >
          <li
            class="nav-item"
          >
            <a
              class="px-3 py-2 flex items-center text-xs uppercase font-bold leading-snug text-white hover:opacity-75"
              href="#pablo"
            >
              <i
                class="fab fa-facebook-square text-lg leading-lg text-white opacity-75"
              />
              <span
                class="ml-2"
              >
                Share
              </span>
            </a>
          </li>
          <li
            class="nav-item"
          >
            <a
              class="px-3 py-2 flex items-center text-xs uppercase font-bold leading-snug text-white hover:opacity-75"
              href="#pablo"
            >
              <i
                class="fab fa-twitter text-lg leading-lg text-white opacity-75"
              />
              <span
                class="ml-2"
              >
                Tweet
              </span>
            </a>
          </li>
          <li
            class="nav-item"
          >
            <a
              class="px-3 py-2 flex items-center text-xs uppercase font-bold leading-snug text-white hover:opacity-75"
              href="#pablo"
            >
              <i
                class="fab fa-pinterest text-lg leading-lg text-white opacity-75"
              />
              <span
                class="ml-2"
              >
                Pin
              </span>
            </a>
          </li>
        </ul>
      </div>
    </div>
  </nav>
</div>
`;
