// Jest Snapshot v1, https://goo.gl/fbAQLP

exports[`Components -> Header should match the snapshot 1`] = `
<div>
  <nav
    class="css-1hn0bm1"
  >
    <div
      class="css-1c714fi"
    >
      <h1
        class="chakra-heading css-0"
        data-testid="page-heading-title"
      >
        Next.js starter
      </h1>
    </div>
    <div
      class="css-m9ssb"
    >
      <svg
        fill="white"
        viewBox="0 0 20 20"
        width="12px"
        xmlns="http://www.w3.org/2000/svg"
      >
        <title>
          Menu
        </title>
        <path
          d="M0 3h20v2H0V3zm0 6h20v2H0V9zm0 6h20v2H0v-2z"
        />
      </svg>
    </div>
    <div
      class="css-t2kg2r"
    >
      <p
        class="chakra-text css-dtinqn"
      >
        Menu1
      </p>
      <p
        class="chakra-text css-dtinqn"
      >
        Menu2
      </p>
      <p
        class="chakra-text css-dtinqn"
      >
        Menu3
      </p>
    </div>
    <div
      class="css-mg6i13"
    >
      <button
        class="chakra-button css-1tvtpuq"
        type="button"
      >
        Example Button
      </button>
    </div>
  </nav>
</div>
`;
